// Jest Snapshot v1, https://goo.gl/fbAQLP

exports[`should start with events on the page 1`] = `
<div>
  <span>
    <div />
  </span>
</div>
`;
